1948-05 228
1948-06 183
1948-07 193
1948-08 213
1948-09 196
1948-10 213
1948-11 213
1948-12 255
1949-01 267
1949-02 239
1949-03 249
1949-04 248
1949-05 249
1949-06 248
1949-07 249
1949-08 249
1949-09 246
1949-10 278
1949-11 278
1949-12 278
1950-01 272
1950-02 278
1950-03 292
1950-04 297
1950-05 297
1950-06 311
1950-07 305
1950-08 306
1950-09 306
1950-10 306
1950-11 306
1950-12 278
1951-01 292
1951-02 278
1951-03 278
1951-04 278
1951-05 278
1951-06 278
1951-07 278
1951-08 283
1951-09 283
1951-10 283
1951-11 298
1951-12 298
1952-01 292
1952-02 0
1952-03 278
1952-04 278
1952-05 278
1952-06 278
1952-07 0
1952-08 284
1952-09 283
1952-10 284
1952-11 158
1952-12 284
1953-01 266
1953-02 278
1953-03 277
1953-04 286
1953-05 265
1953-06 277
1953-07 278
1953-08 277
1953-09 277
1953-10 277
1953-11 277
1953-12 277
1954-01 277
1954-02 276
1954-03 303
1954-04 338
1954-05 329
1954-06 320
1954-07 338
1954-08 347
1954-09 338
1954-10 352
1954-11 351
1954-12 352
1955-01 212
1955-02 325
1955-03 334
1955-04 334
1955-05 334
1955-06 334
1955-07 348
1955-08 348
1955-09 348
1955-10 338
1955-11 348
1955-12 338
1956-01 338
1956-02 338
1956-03 338
1956-04 198
1956-05 338
1956-06 198
1956-07 198
1956-08 338
1956-09 338
1956-10 338
1956-11 338
1956-12 338
1957-01 338
1957-02 338
1957-03 348
1957-04 334
1957-05 334
1957-06 334
1957-07 208
1957-08 348
1957-09 288
1957-10 348
1957-11 307
1957-12 348
1958-01 348
1958-02 348
1958-03 348
1958-04 346
1958-05 348
1958-06 348
1958-07 348
1958-08 348
1958-09 348
1958-10 348
1958-11 348
1958-12 348
1959-01 348
1959-02 348
1959-03 348
1959-04 348
1959-05 348
1959-06 338
1959-07 348
1959-08 348
1959-09 348
1959-10 348
1959-11 348
1959-12 348
1960-01 348
1960-02 334
1960-03 334
1960-04 339
1960-05 340
1960-06 341
1960-07 342
1960-08 343
1960-09 207
1960-10 207
1960-11 304
1960-12 420
1961-01 432
1961-02 362
1961-03 446
1961-04 446
1961-05 446
1961-06 445
1961-07 446
1961-08 432
1961-09 446
1961-10 446
1961-11 446
1961-12 446
1962-01 432
1962-02 0
1962-03 434
