yoy breadth: current 1986-11-08 -> 2026-08-15 | first-print breadth from 2004-02-21
first-print vs current breadth, monthly max, Oct 2007-Jun 2008:      2007-10-01  2007-11-01  2007-12-01  2008-01-01  2008-02-01  2008-03-01  2008-04-01  2008-05-01  2008-06-01
cur        24.0        24.0        22.0        27.0        33.0        47.0        55.0        71.0        82.0
fp         24.0        24.0        20.0        27.0        31.0        37.0        53.0        67.0        80.0
first-print vs current breadth, 2023-03..2024-12:      2023-03-01  2023-04-01  2023-05-01  2023-06-01  2023-07-01  2023-08-01  2023-09-01  2023-10-01  2023-11-01  2023-12-01  2024-01-01  2024-02-01  2024-03-01  2024-04-01  2024-05-01  2024-06-01  2024-07-01  2024-08-01  2024-09-01  2024-10-01  2024-11-01  2024-12-01
cur        35.0        71.0        80.0        82.0        86.0        86.0        88.0        88.0        88.0        80.0        67.0        51.0        41.0        37.0        43.0        43.0        43.0        45.0        41.0        43.0        41.0        27.0
fp         33.0        61.0        76.0        82.0        86.0        86.0        88.0        88.0        88.0        84.0         NaN        49.0        41.0        35.0        39.0        43.0        43.0        43.0        45.0        43.0        41.0        27.0
UNRATE first-print release day-of-month (1960 on): median 5 min 1 max 22
hours pair: months where exact and float disagree: []
pair (rate half three tenths) months at line: ['1973-12', '1974-01', '1974-02', '1974-03', '1974-04', '1974-06', '1974-08', '1974-09', '1974-10', '1974-11', '1974-12', '1975-01', '1975-02', '1975-03', '1975-04', '1975-05', '1980-03', '1980-04', '1980-05', '1980-06', '1980-07', '1981-09', '1981-10', '1981-11', '1981-12', '1982-01', '1982-02', '1990-08', '1990-09', '1990-10', '1990-11', '1990-12', '1991-01', '1991-02', '2008-01', '2008-02', '2008-03', '2008-04', '2008-05', '2008-09', '2008-10', '2008-11', '2008-12', '2009-01', '2009-02', '2009-03', '2009-04', '2009-05', '2009-06', '2009-07', '2020-04', '2020-05', '2020-06']
Sahm gap is rounded to four decimals by the lab (multiples of 1/30): readings at exactly 0.50: ['1960-01', '1969-10', '1974-03', '1976-11', '1990-11', '2003-06', '2008-04', '2024-09']
real-time pair (3 tenths): months firing at the UR release (housing m-1) that do NOT fire same-month: ['1961-01', '1961-02', '1961-03', '1961-04', '1970-01', '1974-05', '1974-07', '1975-06', '1980-08', '1982-03', '1991-03', '2008-06', '2009-08', '2020-07']
real-time pair (3 tenths): months at line: ['1961-01', '1961-02', '1961-03', '1961-04', '1970-01', '1973-12', '1974-01', '1974-02', '1974-03', '1974-04', '1974-05', '1974-06', '1974-07', '1974-08', '1974-09', '1974-10', '1974-11', '1974-12', '1975-01', '1975-02', '1975-03', '1975-04', '1975-05', '1975-06', '1980-03', '1980-04', '1980-05', '1980-06', '1980-07', '1980-08', '1981-09', '1981-10', '1981-11', '1981-12', '1982-01', '1982-02', '1982-03', '1990-08', '1990-09', '1990-10', '1990-11', '1990-12', '1991-01', '1991-02', '1991-03', '2008-01', '2008-02', '2008-03', '2008-04', '2008-05', '2008-06', '2008-09', '2008-10', '2008-11', '2008-12', '2009-01', '2009-02', '2009-03', '2009-04', '2009-05', '2009-06', '2009-07', '2009-08', '2020-04', '2020-05', '2020-06', '2020-07']
real-time pair (2 tenths): extra firing months vs same-month: ['1961-01', '1961-02', '1961-03', '1961-04', '1970-01', '1974-05', '1974-07', '1975-06', '1980-08', '1982-03', '1991-03', '2008-06', '2009-08', '2020-07']
pair (4 tenths) on actual release dates: firing data-months and dates: [('1970-01', '1970-02-06'), ('1973-12', '1974-01-04'), ('1974-01', '1974-02-01'), ('1974-02', '1974-03-08'), ('1974-03', '1974-04-05'), ('1974-04', '1974-05-03'), ('1974-05', '1974-06-07'), ('1974-06', '1974-07-17'), ('1974-07', '1974-08-02'), ('1974-08', '1974-09-18'), ('1974-09', '1974-10-04'), ('1974-10', '1974-11-01'), ('1974-11', '1974-12-06'), ('1974-12', '1975-01-03'), ('1975-01', '1975-02-07'), ('1975-02', '1975-03-07'), ('1975-03', '1975-04-04'), ('1975-04', '1975-05-02'), ('1975-05', '1975-06-06'), ('1975-06', '1975-07-03'), ('1980-03', '1980-04-16'), ('1980-04', '1980-05-02'), ('1980-05', '1980-06-06'), ('1980-06', '1980-07-03'), ('1980-07', '1980-08-01'), ('1980-08', '1980-09-05'), ('1981-09', '1981-10-02'), ('1981-10', '1981-11-06'), ('1981-11', '1981-12-04'), ('1981-12', '1982-01-08'), ('1982-01', '1982-02-05'), ('1982-02', '1982-03-05'), ('1982-03', '1982-04-02'), ('1990-08', '1990-09-19'), ('1990-09', '1990-10-05'), ('1990-10', '1990-11-02'), ('1990-11', '1990-12-07'), ('1990-12', '1991-01-04'), ('1991-01', '1991-02-01'), ('1991-02', '1991-03-08'), ('1991-03', '1991-04-05'), ('2008-01', '2008-02-20'), ('2008-02', '2008-03-07'), ('2008-03', '2008-04-04'), ('2008-04', '2008-05-02'), ('2008-05', '2008-06-06'), ('2008-06', '2008-07-03'), ('2008-09', '2008-10-17'), ('2008-10', '2008-11-07'), ('2008-11', '2008-12-05'), ('2008-12', '2009-01-09'), ('2009-01', '2009-02-06'), ('2009-02', '2009-03-06'), ('2009-03', '2009-04-03'), ('2009-04', '2009-05-08'), ('2009-05', '2009-06-05'), ('2009-06', '2009-07-02'), ('2009-07', '2009-08-07'), ('2009-08', '2009-09-04'), ('2020-04', '2020-05-19')]
JOLTS actual release: days after month end, median by period: {2010: 40, 2015: 40, 2020: 35, 2025: 34}
HMI span 1985-01-01 2026-08-01 500 | 1990: [36, 32, 30, 31, 28] | 2007-08: [20, 19, 19, 18, 19, 20] | 2022-23: [38, 33, 31, 35, 42, 44] | 2010: [22, 16, 14, 13, 13, 15]
identity check: the lab's vacancy_gap_rt(2,6) against the shipped vr, max |diff| = 0.0
weekly pre-1971 insured rate: 1952-01-12 -> 1983-04-16 1283
weekly 0.45 proposals before 1971: [('1953-10-15', '1953-10'), ('1955-07-14', '1955-07'), ('1955-09-08', '1955-08'), ('1959-07-23', '1959-07'), ('1961-12-07', '1961-11'), ('1962-07-26', '1962-07'), ('1966-08-04', '1966-07'), ('1968-10-17', '1968-10'), ('1969-11-06', '1969-10')]
weekly 0.25 proposals before 1971: [('1953-10-15', '1953-10'), ('1955-07-14', '1955-07'), ('1955-12-08', '1955-11'), ('1956-06-14', '1956-06'), ('1959-05-28', '1959-05'), ('1961-10-26', '1961-10'), ('1962-06-28', '1962-06'), ('1963-05-30', '1963-05'), ('1963-10-31', '1963-10'), ('1964-08-20', '1964-08'), ('1965-02-04', '1965-01'), ('1965-09-02', '1965-08'), ('1966-08-04', '1966-07'), ('1967-11-16', '1967-11'), ('1968-06-06', '1968-05'), ('1968-10-17', '1968-10'), ('1969-02-27', '1969-02'), ('1969-07-24', '1969-07')]
ICSA candidates: ['/home/runner/mnt/Onset Detector Data/24_bristow_rule_lab/workspace/lab/data/fred_weekly/ICSA.csv']
initial claims: 1967-01-07 -> 2026-09-19 | advance first prints from 1975-08-02
DTB6: 1960-01-04 -> 2026-09-02, 16652 obs
DTB3: 1960-01-04 -> 2026-09-02, 16652 obs
DFF: 1960-01-01 -> 2026-09-02, 24352 obs
DPRIME: 1960-01-01 -> 2026-09-02, 16966 obs
WTB3MS: 1954-01-08 -> 2026-08-28, 3791 obs
WPRIME: 1955-08-10 -> 2026-09-02, 3709 obs
DGS1: 1962-01-02 -> 2026-09-02, 16153 obs
DGS10: 1962-01-02 -> 2026-09-02, 16153 obs
T10YFF: 1962-01-02 -> 2026-09-02, 16151 obs
T1YFF: 1962-01-02 -> 2026-09-02, 16151 obs
NFCI: 1971-01-08 -> 2026-08-28, 2904 obs
ANFCI: 1971-01-08 -> 2026-08-28, 2904 obs
NFCICREDIT: 1971-01-08 -> 2026-08-28, 2904 obs
NFCIRISK: 1971-01-08 -> 2026-08-28, 2904 obs
RIFSPFFNB: 1960-01-04 -> 2026-09-02, 16779 obs
DTB1YR: 1960-01-04 -> 2026-09-02, 14967 obs
